📝 《骑马与砍杀2》模组：王国政治集团系统 —— 方案总结
一、命名规范（避免冲突）
游戏中已有：
Party：指移动部队（如玩家队伍、领主军队）。
Faction：在原版和多数模组中常作为“势力”同义词（等同于 Kingdom）。
本系统采用新名称：
“政治集团”（Political_Bloc）
简称 “集团”，以区别于现有概念，清晰表达其为王国内部的政治联盟。
二、核心定位
作用范围：严格限定于单个王国之内。
组成主体：由该王国的家族（Clan）自愿联合而成。
存在目的：代表成员家族的共同利益，在王国重大事务上形成统一立场，影响国家决策。
数量限制：每个王国最多存在 3 个政治集团，符合“寡头共治”的封建政治逻辑。
三、集团构成规则
强制存在的集团：
王室集团：由国王所属家族自动创建并领导。代表王权利益。
可选存在的集团：
贵族集团：由王国中除王室外，影响力排名前1至2位的家族各自发起组建。
若第2名与第3名影响力差距极小，可允许存在两个贵族集团；否则仅最强者可建。
成员资格：
仅限该王国的直属封臣家族。
每个家族只能加入一个集团，或选择不加入任何集团（独立派）。
新加入王国的家族初始为“无集团”状态，可被招募或申请加入。
动态调整：
每当王国成员结构或家族影响力发生显著变化（如战争、继承、吞并），系统自动重新评估是否需要创建、解散或转移集团归属。
四、政治立场体系
每个政治集团围绕以下国家政策维度形成统一立场。立场由成员家族的倾向通过共识机制（如加权平均或多数决）动态生成：

政策领域	具体议题	游戏意义说明
王权支持度	是否效忠现任国王	影响政变风险、忠诚事件触发
战争倾向	是否支持对外宣战	影响王国战争提案通过概率
税收政策	主张高税以充国库 / 低税以养民	影响王国收入与封地繁荣
兵役制度	支持强制征兵 / 倾向雇佣兵	影响兵源规模与领民满意度
封地分配原则	主张收归王室直辖 / 分封有功贵族	影响玩家及其他领主获取封地难度
外交路线	亲某强国 / 保持中立 / 孤立主义	影响外交关系变化速率与联盟稳定性
王位继承立场	支持特定继承人 / 主张选举制	在王位空缺时决定继任流程
立场强度可分为五级：强烈支持 → 支持 → 中立 → 反对 → 强烈反对。

五、与游戏系统的交互方式（非侵入）
不修改 Clan、Hero、Kingdom 的类定义。
通过独立管理器维护以下映射关系：
王国 → 其所有政治集团列表
家族 → 所属政治集团（或无）
利用游戏事件系统（如家族加入王国、影响力变更、王国决策发起）触发集团更新。
集团立场数据用于影响原版决策成功率、触发特殊事件、改变UI提示等，实现深度集成。
六、设计优势
✅ 历史合理性：模拟中世纪王国中“国王 vs 大贵族”的权力博弈。
✅ 策略深度：玩家需理解各集团立场，选择效忠、游说或利用矛盾。
✅ 性能可控：每王国最多3个集团，计算轻量。
✅ 扩展性强：未来可增加“集团声望”、“集团任务线”、“跨王国秘密结盟”等。
✅ 完全兼容：零修改原版类，存档安全，与其他模组冲突风险低。














好，继续

游戏已经存在Desision系统，玩家和AI会基于政策（征税、征兵等）、外交（宣战、和平、结盟签约等）、国王选举、领地分配、驱逐家族等决策进行投票表决。

我会给你dnspy反编译的代码，我们来一起学习一下现有的机制；
我大致看了代码，KingdomPolicyDecision是基类，只发现与政策、求和、国王选举相关的决策机制，其他的我还没找到
你先帮我总结一下现有的决策机制代码吧







我也认为CampaignBehavior是合适的载体，但我们现在不讨论实现
我想做的党派系统估计会很复杂，
1、游戏开始，王国没有任何政策，与所有国家保持和平，所有家族的影响力为0；因此可以先组建王党，所有家族都先加入王党
2、如何分化出不同的党派？随着各种decision的投票，clan会和党派产生分歧，影响力高的clan会脱离党派，组建新的党派
    2.1 “clan会和党派产生分歧，影响力高的clan会脱离党派，组建新的党派”，这是一个非常笼统的描述，“产生分歧”可以量化为“在某个决策上投票结果与党派领袖家族立场不一致”，那什么时候脱离党派呢？你有什么好的建议吗？（我认为不能随便脱离党派，也不能随便加入党派）
    2.2 谁来组建新的党派？是脱离的clan自动组建，还是需要其他clan的支持？



1、游戏已经维护了clan之间的relation（取值范围-100到100），我认为可以复用这个机制，取代你提出的忠诚度；
2、你提出的忠诚度变化规则很好，我觉得可以复用到与党派领袖clan的relation变化上；
3、什么情况下clan会脱离党派？
    3.1 当clan与党派领袖clan的relation低于0时，relation取绝对值，然后除以100，再取平方，获得的值作为clan脱离党派的概率；

我希望你也能提出自己的建议，什么时候clan会脱离党派？




纠正：
1、没有明确王国内的党派数量上限，预期是3
2、分裂机制，我任务可以细化
    2.1 脱离概率保留，但需要增加注释（给程序员看的），由每日一次改为每周一次判定
    2.2 脱离门槛
        2.2.1 当前clan不是党派领袖
3、分裂后果
    3.1 脱离的clan不能自动组建新党派
    3.2 每周扫描一次王国内没有党派的clan，按影响力排名，第1名的clan进行组党资格审查
4、组建党派资格审查
    4.1 影响力大于某个阈值（比如1000）
    4.2 组党成功后，其他没有党派的clan可以申请加入新党派
        4.2.1 申请加入的clan与党派领袖clan的relation高于某个阈值（比如0）
        4.2.2 申请加入后，党派领袖clan可以选择接受或拒绝




1、我在思考：按影响力排名，第1名的clan进行组党资格审查。这是否合适。可能的情况：排名第一的clan与其他clan的relation都很低，这样组建出来的党派会很孤立，影响力也不大。
2、加入机制
    2.1 申请加入的clan与党派领袖clan的relation高于某个阈值（比如0）。这个阈值是否合适？




















好的！以下是政治集团（党派）系统的最终完整设计总结，不含代码，聚焦规则与机制：

🏛️ 政治集团系统 — 最终设计总览
一、基本框架
    每个王国最多存在 3 个政治集团。
    所有直属封臣 Clan 必须属于且仅属于一个集团，或为“无党派”。
    游戏开始时：自动创建 王党，领袖为统治家族（RulingClan），其余家族全部加入。

二、分裂机制（脱离集团）
    频率：每周判定一次。
    前提：
        不是当前集团的领袖；
        加入该集团已满 60 天。
    脱离概率：仅当与集团领袖关系 < 0 时生效，概率 = (│关系值│ ÷ 100)²。
    后果：
        变为无党派；
        与原集团所有成员关系 -20；
        进入 60 天冷却期（不可立即加入新集团）。

三、建党机制（组建新集团）
    触发：每周扫描一次无党派 Clan。
    候选人：影响力最高的无党派 Clan。
    资格审查（必须同时满足）：
        影响力 ≥ 1500；
        王国当前集团数 < 3；
        至少有 3 个无党派 Clan 与其关系 > 10。
    成功建党：该 Clan 成为新集团领袖，仅自己为初始成员，并向全王国公告。

四、加入机制（申请加入集团）
    申请条件：
        为无党派；
        与目标集团领袖关系 ≥ 15；
        不在冷却期内。
    审核：由集团领袖手动批准或拒绝（策略性决策）。
    加入后：更新加入时间，进入冷却保护。

五、内部关系维护（核心动态机制）
    每周根据最近一次重大王国决策，调整领袖与每位成员的关系：
        投票一致：+3；
        投票相反：-5；
        集团因决策受益：额外 +2；
        集团因决策受损：额外 -2；
        若无重大决策：给予 +1 基础维系。
        长期不参与投票（>30天）：每30天关系 -1。
    领袖变更：新领袖与成员关系重置为双方原始关系值。

六、系统联动与效果
    关系值直接驱动脱离概率，形成“分歧 → 关系恶化 → 分裂 → 建党”的闭环。
    投票一致性成为维系集团的核心纽带，鼓励政治协同。
    高门槛建党 + 关系维护确保每个党派既有实力，又有真实政治基础，避免空壳组织。
    玩家可深度参与：作为领袖需凝聚共识，作为成员可选择忠诚或另立山头。
    ✅ 设计哲学
    自由而不混乱，竞争而不撕裂，动态而不失控。

让王国政治从静态效忠演变为活的多党生态，每一次投票都可能改写联盟格局。

这套系统现已逻辑自洽、机制闭环、可玩性强，可作为模组开发的完整蓝图。
